--- 27/09 23:25:04 ---
Python 3.13.15 (tags/v3.13.15:4061bc4, Aug  5 2026, 13:05:39) [MSC v.1944 64 bit (AMD64)]
Programme : C:\Users\jbwat\AppData\Local\Programs\Python\Python313\pythonw.exe
Gelé : False

Traceback (most recent call last):
  File "Y:\VideoSorter\main.py", line 500, in main
    return run()
  File "Y:\VideoSorter\main.py", line 468, in run
    window = MainWindow(cfg)
  File "Y:\VideoSorter\videosorter\window.py", line 665, in __init__
    self._build_ui()
    ~~~~~~~~~~~~~~^^
  File "Y:\VideoSorter\videosorter\window.py", line 752, in _build_ui
    self.kind_switch.chosen.connect(self.pick_kind)
                                    ^^^^^^^^^^^^^^
AttributeError: 'MainWindow' object has no attribute 'pick_kind'

--- 27/09 23:28:04 ---
Python 3.13.15 (tags/v3.13.15:4061bc4, Aug  5 2026, 13:05:39) [MSC v.1944 64 bit (AMD64)]
Programme : C:\Users\jbwat\AppData\Local\Programs\Python\Python313\pythonw.exe
Gelé : False

Traceback (most recent call last):
  File "Y:\VideoSorter\main.py", line 500, in main
    return run()
  File "Y:\VideoSorter\main.py", line 468, in run
    window = MainWindow(cfg)
  File "Y:\VideoSorter\videosorter\window.py", line 678, in __init__
    self._apply_kind_ui()
    ~~~~~~~~~~~~~~~~~~~^^
  File "Y:\VideoSorter\videosorter\window.py", line 7721, in _apply_kind_ui
    ("Une photo au hasard" if photo else "Une vidéo au hasard")
    ^^^^^^^^^^^^^^^
AttributeError: 'SplitWall' object has no attribute 'set_photo'. Did you mean: 'set_pool'?

